Archive member included because of file (symbol)

c:/winavr-20100110/bin/../lib/gcc/avr/4.3.3/avr5\libgcc.a(_mulsi3.o)
                              ./kernel/atomqueue.o (__mulsi3)
c:/winavr-20100110/bin/../lib/gcc/avr/4.3.3/avr5\libgcc.a(_divmodhi4.o)
                              ./lib/uart.o (__divmodhi4)
c:/winavr-20100110/bin/../lib/gcc/avr/4.3.3/avr5\libgcc.a(_exit.o)
                              c:/winavr-20100110/bin/../lib/gcc/avr/4.3.3/../../../../avr/lib/avr5/crtm328p.o (exit)
c:/winavr-20100110/bin/../lib/gcc/avr/4.3.3/avr5\libgcc.a(_copy_data.o)
                              ./main.o (__do_copy_data)
c:/winavr-20100110/bin/../lib/gcc/avr/4.3.3/avr5\libgcc.a(_clear_bss.o)
                              ./lib/uart.o (__do_clear_bss)
c:/winavr-20100110/bin/../lib/gcc/avr/4.3.3/avr5\libgcc.a(_udivmodhi4.o)
                              c:/winavr-20100110/bin/../lib/gcc/avr/4.3.3/avr5\libgcc.a(_divmodhi4.o) (__udivmodhi4)
c:/winavr-20100110/bin/../lib/gcc/avr/4.3.3/../../../../avr/lib/avr5\libc.a(memcpy.o)
                              ./kernel/atomqueue.o (memcpy)
c:/winavr-20100110/bin/../lib/gcc/avr/4.3.3/../../../../avr/lib/avr5\libc.a(iob.o)
                              ./main.o (__iob)

Allocating common symbols
Common symbol       size              file

__iob               0x6               c:/winavr-20100110/bin/../lib/gcc/avr/4.3.3/../../../../avr/lib/avr5\libc.a(iob.o)

Memory Configuration

Name             Origin             Length             Attributes
text             0x00000000         0x00020000         xr
data             0x00800060         0x0000ffa0         rw !x
eeprom           0x00810000         0x00010000         rw !x
fuse             0x00820000         0x00000400         rw !x
lock             0x00830000         0x00000400         rw !x
signature        0x00840000         0x00000400         rw !x
*default*        0x00000000         0xffffffff

Linker script and memory map

Address of section .data set to 0x800100
LOAD c:/winavr-20100110/bin/../lib/gcc/avr/4.3.3/../../../../avr/lib/avr5/crtm328p.o
LOAD ./portAvr/atomport-asm.o
LOAD ./portAvr/atomport-private.o
LOAD ./portAvr/atomport.o
LOAD ./lib/uart.o
LOAD ./kernel/atomkernel.o
LOAD ./kernel/atommutex.o
LOAD ./kernel/atomqueue.o
LOAD ./kernel/atomsem.o
LOAD ./kernel/atomtimer.o
LOAD ./board.o
LOAD ./main.o
LOAD c:/winavr-20100110/bin/../lib/gcc/avr/4.3.3/avr5\libgcc.a
LOAD c:/winavr-20100110/bin/../lib/gcc/avr/4.3.3/../../../../avr/lib/avr5\libc.a
LOAD c:/winavr-20100110/bin/../lib/gcc/avr/4.3.3/avr5\libgcc.a

.hash
 *(.hash)

.dynsym
 *(.dynsym)

.dynstr
 *(.dynstr)

.gnu.version
 *(.gnu.version)

.gnu.version_d
 *(.gnu.version_d)

.gnu.version_r
 *(.gnu.version_r)

.rel.init
 *(.rel.init)

.rela.init
 *(.rela.init)

.rel.text
 *(.rel.text)
 *(.rel.text.*)
 *(.rel.gnu.linkonce.t*)

.rela.text
 *(.rela.text)
 *(.rela.text.*)
 *(.rela.gnu.linkonce.t*)

.rel.fini
 *(.rel.fini)

.rela.fini
 *(.rela.fini)

.rel.rodata
 *(.rel.rodata)
 *(.rel.rodata.*)
 *(.rel.gnu.linkonce.r*)

.rela.rodata
 *(.rela.rodata)
 *(.rela.rodata.*)
 *(.rela.gnu.linkonce.r*)

.rel.data
 *(.rel.data)
 *(.rel.data.*)
 *(.rel.gnu.linkonce.d*)

.rela.data
 *(.rela.data)
 *(.rela.data.*)
 *(.rela.gnu.linkonce.d*)

.rel.ctors
 *(.rel.ctors)

.rela.ctors
 *(.rela.ctors)

.rel.dtors
 *(.rel.dtors)

.rela.dtors
 *(.rela.dtors)

.rel.got
 *(.rel.got)

.rela.got
 *(.rela.got)

.rel.bss
 *(.rel.bss)

.rela.bss
 *(.rela.bss)

.rel.plt
 *(.rel.plt)

.rela.plt
 *(.rela.plt)

.text           0x00000000     0x26a4
 *(.vectors)
 .vectors       0x00000000       0x68 c:/winavr-20100110/bin/../lib/gcc/avr/4.3.3/../../../../avr/lib/avr5/crtm328p.o
                0x00000000                __vectors
 *(.vectors)
 *(.progmem.gcc*)
 *(.progmem*)
                0x00000068                . = ALIGN (0x2)
                0x00000068                __trampolines_start = .
 *(.trampolines)
 .trampolines   0x00000068        0x0 linker stubs
 *(.trampolines*)
                0x00000068                __trampolines_end = .
 *(.jumptables)
 *(.jumptables*)
 *(.lowtext)
 *(.lowtext*)
                0x00000068                __ctors_start = .
 *(.ctors)
                0x00000068                __ctors_end = .
                0x00000068                __dtors_start = .
 *(.dtors)
                0x00000068                __dtors_end = .
 SORT(*)(.ctors)
 SORT(*)(.dtors)
 *(.init0)
 .init0         0x00000068        0x0 c:/winavr-20100110/bin/../lib/gcc/avr/4.3.3/../../../../avr/lib/avr5/crtm328p.o
                0x00000068                __init
 *(.init0)
 *(.init1)
 *(.init1)
 *(.init2)
 .init2         0x00000068        0xc c:/winavr-20100110/bin/../lib/gcc/avr/4.3.3/../../../../avr/lib/avr5/crtm328p.o
 *(.init2)
 *(.init3)
 *(.init3)
 *(.init4)
 .init4         0x00000074       0x16 c:/winavr-20100110/bin/../lib/gcc/avr/4.3.3/avr5\libgcc.a(_copy_data.o)
                0x00000074                __do_copy_data
 .init4         0x0000008a       0x10 c:/winavr-20100110/bin/../lib/gcc/avr/4.3.3/avr5\libgcc.a(_clear_bss.o)
                0x0000008a                __do_clear_bss
 *(.init4)
 *(.init5)
 *(.init5)
 *(.init6)
 *(.init6)
 *(.init7)
 *(.init7)
 *(.init8)
 *(.init8)
 *(.init9)
 .init9         0x0000009a        0x8 c:/winavr-20100110/bin/../lib/gcc/avr/4.3.3/../../../../avr/lib/avr5/crtm328p.o
 *(.init9)
 *(.text)
 .text          0x000000a2        0x4 c:/winavr-20100110/bin/../lib/gcc/avr/4.3.3/../../../../avr/lib/avr5/crtm328p.o
                0x000000a2                __vector_22
                0x000000a2                __vector_1
                0x000000a2                __vector_24
                0x000000a2                __vector_12
                0x000000a2                __bad_interrupt
                0x000000a2                __vector_6
                0x000000a2                __vector_3
                0x000000a2                __vector_23
                0x000000a2                __vector_25
                0x000000a2                __vector_13
                0x000000a2                __vector_17
                0x000000a2                __vector_7
                0x000000a2                __vector_5
                0x000000a2                __vector_4
                0x000000a2                __vector_9
                0x000000a2                __vector_2
                0x000000a2                __vector_21
                0x000000a2                __vector_15
                0x000000a2                __vector_8
                0x000000a2                __vector_14
                0x000000a2                __vector_10
                0x000000a2                __vector_16
                0x000000a2                __vector_20
 .text          0x000000a6       0x94 ./portAvr/atomport-asm.o
                0x00000108                archFirstThreadRestore
                0x000000a6                archContextSwitch
 .text          0x0000013a        0x0 ./portAvr/atomport-private.o
 .text          0x0000013a        0x0 ./portAvr/atomport.o
 .text          0x0000013a        0x0 ./lib/uart.o
 .text          0x0000013a        0x0 ./kernel/atomkernel.o
 .text          0x0000013a        0x0 ./kernel/atommutex.o
 .text          0x0000013a        0x0 ./kernel/atomqueue.o
 .text          0x0000013a        0x0 ./kernel/atomsem.o
 .text          0x0000013a        0x0 ./kernel/atomtimer.o
 .text          0x0000013a        0x0 ./board.o
 .text          0x0000013a        0x0 ./main.o
 .text          0x0000013a        0x0 c:/winavr-20100110/bin/../lib/gcc/avr/4.3.3/avr5\libgcc.a(_mulsi3.o)
 .text          0x0000013a        0x0 c:/winavr-20100110/bin/../lib/gcc/avr/4.3.3/avr5\libgcc.a(_divmodhi4.o)
 .text          0x0000013a        0x0 c:/winavr-20100110/bin/../lib/gcc/avr/4.3.3/avr5\libgcc.a(_exit.o)
 .text          0x0000013a        0x0 c:/winavr-20100110/bin/../lib/gcc/avr/4.3.3/avr5\libgcc.a(_copy_data.o)
 .text          0x0000013a        0x0 c:/winavr-20100110/bin/../lib/gcc/avr/4.3.3/avr5\libgcc.a(_clear_bss.o)
 .text          0x0000013a        0x0 c:/winavr-20100110/bin/../lib/gcc/avr/4.3.3/avr5\libgcc.a(_udivmodhi4.o)
 .text          0x0000013a        0x0 c:/winavr-20100110/bin/../lib/gcc/avr/4.3.3/../../../../avr/lib/avr5\libc.a(memcpy.o)
 .text          0x0000013a        0x0 c:/winavr-20100110/bin/../lib/gcc/avr/4.3.3/../../../../avr/lib/avr5\libc.a(iob.o)
                0x0000013a                . = ALIGN (0x2)
 *(.text.*)
 .text.avrInitSystemTickTimer
                0x0000013a       0x2a ./portAvr/atomport-private.o
                0x0000013a                avrInitSystemTickTimer
 .text.__vector_11
                0x00000164       0x5e ./portAvr/atomport-private.o
                0x00000164                __vector_11
 .text.__vector_default
                0x000001c2       0x20 ./portAvr/atomport-private.o
                0x000001c2                __vector_default
 .text.thread_shell
                0x000001e2       0x5c ./portAvr/atomport.o
 .text.archThreadContextInit
                0x0000023e      0x1a2 ./portAvr/atomport.o
                0x0000023e                archThreadContextInit
 .text.__vector_18
                0x000003e0       0x88 ./lib/uart.o
                0x000003e0                __vector_18
 .text.__vector_19
                0x00000468       0x7c ./lib/uart.o
                0x00000468                __vector_19
 .text.uart_init
                0x000004e4       0x68 ./lib/uart.o
                0x000004e4                uart_init
 .text.uart_getc
                0x0000054c       0x6e ./lib/uart.o
                0x0000054c                uart_getc
 .text.uart_putc
                0x000005ba       0x4e ./lib/uart.o
                0x000005ba                uart_putc
 .text.uart_puts
                0x00000608       0x3a ./lib/uart.o
                0x00000608                uart_puts
 .text.uart_puts_p
                0x00000642       0x50 ./lib/uart.o
                0x00000642                uart_puts_p
 .text.uart_available
                0x00000692       0x36 ./lib/uart.o
                0x00000692                uart_available
 .text.uart_flush
                0x000006c8       0x16 ./lib/uart.o
                0x000006c8                uart_flush
 .text.atomSched
                0x000006de      0x108 ./kernel/atomkernel.o
                0x000006de                atomSched
 .text.atomThreadSwitch
                0x000007e6       0x50 ./kernel/atomkernel.o
 .text.atomThreadCreate
                0x00000836      0x15e ./kernel/atomkernel.o
                0x00000836                atomThreadCreate
 .text.atomIntEnter
                0x00000994       0x20 ./kernel/atomkernel.o
                0x00000994                atomIntEnter
 .text.atomIntExit
                0x000009b4       0x2c ./kernel/atomkernel.o
                0x000009b4                atomIntExit
 .text.atomCurrentContext
                0x000009e0       0x36 ./kernel/atomkernel.o
                0x000009e0                atomCurrentContext
 .text.atomOSInit
                0x00000a16       0x98 ./kernel/atomkernel.o
                0x00000a16                atomOSInit
 .text.atomOSStart
                0x00000aae       0x44 ./kernel/atomkernel.o
                0x00000aae                atomOSStart
 .text.atomIdleThread
                0x00000af2       0x16 ./kernel/atomkernel.o
 .text.tcbEnqueuePriority
                0x00000b08      0x116 ./kernel/atomkernel.o
                0x00000b08                tcbEnqueuePriority
 .text.tcbDequeueHead
                0x00000c1e       0x90 ./kernel/atomkernel.o
                0x00000c1e                tcbDequeueHead
 .text.tcbDequeueEntry
                0x00000cae      0x128 ./kernel/atomkernel.o
                0x00000cae                tcbDequeueEntry
 .text.tcbDequeuePriority
                0x00000dd6       0xa4 ./kernel/atomkernel.o
                0x00000dd6                tcbDequeuePriority
 .text.atomMutexCreate
                0x00000e7a       0x44 ./kernel/atommutex.o
                0x00000e7a                atomMutexCreate
 .text.atomMutexDelete
                0x00000ebe       0xe0 ./kernel/atommutex.o
                0x00000ebe                atomMutexDelete
 .text.atomMutexGet
                0x00000f9e      0x1c6 ./kernel/atommutex.o
                0x00000f9e                atomMutexGet
 .text.atomMutexPut
                0x00001164      0x12a ./kernel/atommutex.o
                0x00001164                atomMutexPut
 .text.atomMutexTimerCallback
                0x0000128e       0x88 ./kernel/atommutex.o
 .text.atomQueueCreate
                0x00001316       0xf6 ./kernel/atomqueue.o
                0x00001316                atomQueueCreate
 .text.atomQueueDelete
                0x0000140c       0xf6 ./kernel/atomqueue.o
                0x0000140c                atomQueueDelete
 .text.atomQueueGet
                0x00001502      0x1d4 ./kernel/atomqueue.o
                0x00001502                atomQueueGet
 .text.atomQueuePut
                0x000016d6      0x1dc ./kernel/atomqueue.o
                0x000016d6                atomQueuePut
 .text.atomQueueTimerCallback
                0x000018b2       0x88 ./kernel/atomqueue.o
 .text.queue_remove
                0x0000193a      0x17c ./kernel/atomqueue.o
 .text.queue_insert
                0x00001ab6      0x17e ./kernel/atomqueue.o
 .text.atomSemCreate
                0x00001c34       0x42 ./kernel/atomsem.o
                0x00001c34                atomSemCreate
 .text.atomSemDelete
                0x00001c76       0xe0 ./kernel/atomsem.o
                0x00001c76                atomSemDelete
 .text.atomSemGet
                0x00001d56      0x176 ./kernel/atomsem.o
                0x00001d56                atomSemGet
 .text.atomSemPut
                0x00001ecc       0xe8 ./kernel/atomsem.o
                0x00001ecc                atomSemPut
 .text.atomSemResetCount
                0x00001fb4       0x3a ./kernel/atomsem.o
                0x00001fb4                atomSemResetCount
 .text.atomSemTimerCallback
                0x00001fee       0x88 ./kernel/atomsem.o
 .text.atomTimerRegister
                0x00002076       0xa0 ./kernel/atomtimer.o
                0x00002076                atomTimerRegister
 .text.atomTimerCancel
                0x00002116       0xc8 ./kernel/atomtimer.o
                0x00002116                atomTimerCancel
 .text.atomTimeGet
                0x000021de       0x22 ./kernel/atomtimer.o
                0x000021de                atomTimeGet
 .text.atomTimeSet
                0x00002200       0x3a ./kernel/atomtimer.o
                0x00002200                atomTimeSet
 .text.atomTimerTick
                0x0000223a       0x40 ./kernel/atomtimer.o
                0x0000223a                atomTimerTick
 .text.atomTimerDelay
                0x0000227a       0xcc ./kernel/atomtimer.o
                0x0000227a                atomTimerDelay
 .text.atomTimerCallbacks
                0x00002346      0x15a ./kernel/atomtimer.o
 .text.atomTimerDelayCallback
                0x000024a0       0x56 ./kernel/atomtimer.o
 .text.gpioInit
                0x000024f6       0x2a ./board.o
                0x000024f6                gpioInit
 .text.main     0x00002520       0x8a ./main.o
                0x00002520                main
 .text.main_thread_func
                0x000025aa       0x58 ./main.o
 .text.libgcc   0x00002602       0x3e c:/winavr-20100110/bin/../lib/gcc/avr/4.3.3/avr5\libgcc.a(_mulsi3.o)
                0x00002602                __mulsi3
 .text.libgcc   0x00002640       0x26 c:/winavr-20100110/bin/../lib/gcc/avr/4.3.3/avr5\libgcc.a(_divmodhi4.o)
                0x00002640                __divmodhi4
                0x00002640                _div
 .text.libgcc   0x00002666        0x0 c:/winavr-20100110/bin/../lib/gcc/avr/4.3.3/avr5\libgcc.a(_exit.o)
 .text.libgcc   0x00002666        0x0 c:/winavr-20100110/bin/../lib/gcc/avr/4.3.3/avr5\libgcc.a(_copy_data.o)
 .text.libgcc   0x00002666        0x0 c:/winavr-20100110/bin/../lib/gcc/avr/4.3.3/avr5\libgcc.a(_clear_bss.o)
 .text.libgcc   0x00002666       0x28 c:/winavr-20100110/bin/../lib/gcc/avr/4.3.3/avr5\libgcc.a(_udivmodhi4.o)
                0x00002666                __udivmodhi4
 .text.avr-libc
                0x0000268e       0x12 c:/winavr-20100110/bin/../lib/gcc/avr/4.3.3/../../../../avr/lib/avr5\libc.a(memcpy.o)
                0x0000268e                memcpy
                0x000026a0                . = ALIGN (0x2)
 *(.fini9)
 .fini9         0x000026a0        0x0 c:/winavr-20100110/bin/../lib/gcc/avr/4.3.3/avr5\libgcc.a(_exit.o)
                0x000026a0                exit
                0x000026a0                _exit
 *(.fini9)
 *(.fini8)
 *(.fini8)
 *(.fini7)
 *(.fini7)
 *(.fini6)
 *(.fini6)
 *(.fini5)
 *(.fini5)
 *(.fini4)
 *(.fini4)
 *(.fini3)
 *(.fini3)
 *(.fini2)
 *(.fini2)
 *(.fini1)
 *(.fini1)
 *(.fini0)
 .fini0         0x000026a0        0x4 c:/winavr-20100110/bin/../lib/gcc/avr/4.3.3/avr5\libgcc.a(_exit.o)
 *(.fini0)
                0x000026a4                _etext = .

.data           0x00800100        0xe load address 0x000026a4
                0x00800100                PROVIDE (__data_start, .)
 *(.data)
 .data          0x00800100        0x0 c:/winavr-20100110/bin/../lib/gcc/avr/4.3.3/../../../../avr/lib/avr5/crtm328p.o
 .data          0x00800100        0x0 ./portAvr/atomport-asm.o
 .data          0x00800100        0x0 ./portAvr/atomport-private.o
 .data          0x00800100        0x0 ./portAvr/atomport.o
 .data          0x00800100        0x0 ./lib/uart.o
 .data          0x00800100        0x0 ./kernel/atomkernel.o
 .data          0x00800100        0x0 ./kernel/atommutex.o
 .data          0x00800100        0x0 ./kernel/atomqueue.o
 .data          0x00800100        0x0 ./kernel/atomsem.o
 .data          0x00800100        0x0 ./kernel/atomtimer.o
 .data          0x00800100        0x0 ./board.o
 .data          0x00800100        0x0 ./main.o
 .data          0x00800100        0x0 c:/winavr-20100110/bin/../lib/gcc/avr/4.3.3/avr5\libgcc.a(_mulsi3.o)
 .data          0x00800100        0x0 c:/winavr-20100110/bin/../lib/gcc/avr/4.3.3/avr5\libgcc.a(_divmodhi4.o)
 .data          0x00800100        0x0 c:/winavr-20100110/bin/../lib/gcc/avr/4.3.3/avr5\libgcc.a(_exit.o)
 .data          0x00800100        0x0 c:/winavr-20100110/bin/../lib/gcc/avr/4.3.3/avr5\libgcc.a(_copy_data.o)
 .data          0x00800100        0x0 c:/winavr-20100110/bin/../lib/gcc/avr/4.3.3/avr5\libgcc.a(_clear_bss.o)
 .data          0x00800100        0x0 c:/winavr-20100110/bin/../lib/gcc/avr/4.3.3/avr5\libgcc.a(_udivmodhi4.o)
 .data          0x00800100        0x0 c:/winavr-20100110/bin/../lib/gcc/avr/4.3.3/../../../../avr/lib/avr5\libc.a(memcpy.o)
 .data          0x00800100        0x0 c:/winavr-20100110/bin/../lib/gcc/avr/4.3.3/../../../../avr/lib/avr5\libc.a(iob.o)
 *(.data*)
 .data.uart_stdout
                0x00800100        0xe ./main.o
 *(.rodata)
 *(.rodata*)
 *(.gnu.linkonce.d*)
                0x0080010e                . = ALIGN (0x2)
                0x0080010e                _edata = .
                0x0080010e                PROVIDE (__data_end, .)

.bss            0x0080010e      0x1c8
                0x0080010e                PROVIDE (__bss_start, .)
 *(.bss)
 .bss           0x0080010e        0x0 c:/winavr-20100110/bin/../lib/gcc/avr/4.3.3/../../../../avr/lib/avr5/crtm328p.o
 .bss           0x0080010e        0x0 ./portAvr/atomport-asm.o
 .bss           0x0080010e        0x0 ./portAvr/atomport-private.o
 .bss           0x0080010e        0x0 ./portAvr/atomport.o
 .bss           0x0080010e        0x0 ./lib/uart.o
 .bss           0x0080010e        0x0 ./kernel/atomkernel.o
 .bss           0x0080010e        0x0 ./kernel/atommutex.o
 .bss           0x0080010e        0x0 ./kernel/atomqueue.o
 .bss           0x0080010e        0x0 ./kernel/atomsem.o
 .bss           0x0080010e        0x0 ./kernel/atomtimer.o
 .bss           0x0080010e        0x0 ./board.o
 .bss           0x0080010e        0x0 ./main.o
 .bss           0x0080010e        0x0 c:/winavr-20100110/bin/../lib/gcc/avr/4.3.3/avr5\libgcc.a(_mulsi3.o)
 .bss           0x0080010e        0x0 c:/winavr-20100110/bin/../lib/gcc/avr/4.3.3/avr5\libgcc.a(_divmodhi4.o)
 .bss           0x0080010e        0x0 c:/winavr-20100110/bin/../lib/gcc/avr/4.3.3/avr5\libgcc.a(_exit.o)
 .bss           0x0080010e        0x0 c:/winavr-20100110/bin/../lib/gcc/avr/4.3.3/avr5\libgcc.a(_copy_data.o)
 .bss           0x0080010e        0x0 c:/winavr-20100110/bin/../lib/gcc/avr/4.3.3/avr5\libgcc.a(_clear_bss.o)
 .bss           0x0080010e        0x0 c:/winavr-20100110/bin/../lib/gcc/avr/4.3.3/avr5\libgcc.a(_udivmodhi4.o)
 .bss           0x0080010e        0x0 c:/winavr-20100110/bin/../lib/gcc/avr/4.3.3/../../../../avr/lib/avr5\libc.a(memcpy.o)
 .bss           0x0080010e        0x0 c:/winavr-20100110/bin/../lib/gcc/avr/4.3.3/../../../../avr/lib/avr5\libc.a(iob.o)
 *(.bss*)
 .bss.UART_TxBuf
                0x0080010e       0x20 ./lib/uart.o
 .bss.UART_RxBuf
                0x0080012e       0x20 ./lib/uart.o
 .bss.UART_TxHead
                0x0080014e        0x1 ./lib/uart.o
 .bss.UART_TxTail
                0x0080014f        0x1 ./lib/uart.o
 .bss.UART_RxHead
                0x00800150        0x1 ./lib/uart.o
 .bss.UART_RxTail
                0x00800151        0x1 ./lib/uart.o
 .bss.UART_LastRxError
                0x00800152        0x1 ./lib/uart.o
 .bss.tcbReadyQ
                0x00800153        0x2 ./kernel/atomkernel.o
                0x00800153                tcbReadyQ
 .bss.atomOSStarted
                0x00800155        0x1 ./kernel/atomkernel.o
                0x00800155                atomOSStarted
 .bss.curr_tcb  0x00800156        0x2 ./kernel/atomkernel.o
 .bss.atomIntCnt
                0x00800158        0x2 ./kernel/atomkernel.o
 .bss.idle_tcb  0x0080015a       0x12 ./kernel/atomkernel.o
 .bss.timer_queue
                0x0080016c        0x2 ./kernel/atomtimer.o
 .bss.system_ticks
                0x0080016e        0x4 ./kernel/atomtimer.o
 .bss.main_tcb  0x00800172       0x12 ./main.o
 .bss.main_thread_stack
                0x00800184       0xcc ./main.o
 .bss.idle_thread_stack
                0x00800250       0x80 ./main.o
 *(COMMON)
 COMMON         0x008002d0        0x6 c:/winavr-20100110/bin/../lib/gcc/avr/4.3.3/../../../../avr/lib/avr5\libc.a(iob.o)
                0x008002d0                __iob
                0x008002d6                PROVIDE (__bss_end, .)
                0x000026a4                __data_load_start = LOADADDR (.data)
                0x000026b2                __data_load_end = (__data_load_start + SIZEOF (.data))

.noinit         0x008002d6        0x0
                0x008002d6                PROVIDE (__noinit_start, .)
 *(.noinit*)
                0x008002d6                PROVIDE (__noinit_end, .)
                0x008002d6                _end = .
                0x008002d6                PROVIDE (__heap_start, .)

.eeprom         0x00810000        0x0
 *(.eeprom*)
                0x00810000                __eeprom_end = .

.fuse
 *(.fuse)
 *(.lfuse)
 *(.hfuse)
 *(.efuse)

.lock
 *(.lock*)

.signature
 *(.signature*)

.stab           0x00000000     0x474c
 *(.stab)
 .stab          0x00000000      0x510 ./portAvr/atomport-private.o
 .stab          0x00000510      0x36c ./portAvr/atomport.o
                                0x654 (size before relaxing)
 .stab          0x0000087c      0x600 ./lib/uart.o
                                0x864 (size before relaxing)
 .stab          0x00000e7c      0xbe8 ./kernel/atomkernel.o
                                0xe7c (size before relaxing)
 .stab          0x00001a64      0x8f4 ./kernel/atommutex.o
                                0xbdc (size before relaxing)
 .stab          0x00002358      0xce4 ./kernel/atomqueue.o
                                0xfcc (size before relaxing)
 .stab          0x0000303c      0x8f4 ./kernel/atomsem.o
                                0xbdc (size before relaxing)
 .stab          0x00003930      0x7d4 ./kernel/atomtimer.o
                                0xabc (size before relaxing)
 .stab          0x00004104      0x27c ./board.o
                                0x438 (size before relaxing)
 .stab          0x00004380      0x3cc ./main.o
                                0x72c (size before relaxing)

.stabstr        0x00000000     0x2406
 *(.stabstr)
 .stabstr       0x00000000     0x2406 ./portAvr/atomport-private.o

.stab.excl
 *(.stab.excl)

.stab.exclstr
 *(.stab.exclstr)

.stab.index
 *(.stab.index)

.stab.indexstr
 *(.stab.indexstr)

.comment
 *(.comment)

.debug
 *(.debug)

.line
 *(.line)

.debug_srcinfo
 *(.debug_srcinfo)

.debug_sfnames
 *(.debug_sfnames)

.debug_aranges
 *(.debug_aranges)

.debug_pubnames
 *(.debug_pubnames)

.debug_info
 *(.debug_info)
 *(.gnu.linkonce.wi.*)

.debug_abbrev
 *(.debug_abbrev)

.debug_line
 *(.debug_line)

.debug_frame
 *(.debug_frame)

.debug_str
 *(.debug_str)

.debug_loc
 *(.debug_loc)

.debug_macinfo
 *(.debug_macinfo)
OUTPUT(ap_suat_nuoc_dieu_khien_bien_tan.elf elf32-avr)
LOAD linker stubs
